[16/Sep/2026 14:38:17] "GET / HTTP/1.1" 200 141182
[16/Sep/2026 14:38:18] "GET /static/css/orb-proximity.css HTTP/1.1" 200 538
[16/Sep/2026 14:38:18] "GET /static/css/hero-mobile-deck.css HTTP/1.1" 200 10775
[16/Sep/2026 14:38:18] "GET /static/css/styles.css HTTP/1.1" 200 42
[16/Sep/2026 14:38:18] "GET /static/css/enhancements.css HTTP/1.1" 200 8553
[16/Sep/2026 14:38:18] "GET /static/css/hero-showcase.css HTTP/1.1" 200 10158
[16/Sep/2026 14:38:18] "GET /static/images/news/georg11.jpeg HTTP/1.1" 200 128445
[16/Sep/2026 14:38:18] "GET /static/css/orb-ambient.css HTTP/1.1" 200 5479
[16/Sep/2026 14:38:18] "GET /static/images/news/model8.jpg HTTP/1.1" 200 242583
[16/Sep/2026 14:38:18] "GET /static/js/hero-mobile-spotlight.js HTTP/1.1" 200 2373
[16/Sep/2026 14:38:18] "GET /static/images/ico/favicon%20(1).ico HTTP/1.1" 200 15086
[16/Sep/2026 14:38:18] "GET /static/js/hero-showcase.js HTTP/1.1" 200 3851
[16/Sep/2026 14:38:18] "GET /static/js/hero-lead-particles.js HTTP/1.1" 200 5967
[16/Sep/2026 14:38:18] "GET /static/images/news/modelmid.JPEG HTTP/1.1" 200 438718
[16/Sep/2026 14:38:18] "GET /static/images/news/Georg2.jpg HTTP/1.1" 200 1508281
[16/Sep/2026 14:38:18] "GET /static/images/news/david.jpg HTTP/1.1" 200 532658
[16/Sep/2026 14:38:18] "GET /static/images/shop/tolst.png HTTP/1.1" 200 2186110
[16/Sep/2026 14:38:18] "GET /static/images/news/plague.jpg HTTP/1.1" 200 454921
[16/Sep/2026 14:38:18] "GET /static/images/news/DavidDonatello.jpg HTTP/1.1" 200 240742
[16/Sep/2026 14:38:19] "GET /static/images/medals/krondshtat.jpg HTTP/1.1" 200 315857
[16/Sep/2026 14:38:19] "GET /static/images/medals/medal5.JPEG HTTP/1.1" 200 671316
[16/Sep/2026 14:38:19] "GET /static/js/enhancements.js HTTP/1.1" 200 4886
[16/Sep/2026 14:38:19] "GET /static/js/orb-proximity.js HTTP/1.1" 200 2271
[16/Sep/2026 14:38:19] "GET /static/images/news/Georg1.jpg HTTP/1.1" 200 1889463
[16/Sep/2026 14:38:19] "GET /static/js/article-i18n.js HTTP/1.1" 200 3790
[16/Sep/2026 14:38:19] "GET /static/js/cart.js HTTP/1.1" 200 8663
[16/Sep/2026 14:38:19] "GET /static/js/i18n/en.json HTTP/1.1" 200 20390
[16/Sep/2026 14:38:19] "GET /static/js/i18n/ru.json HTTP/1.1" 200 29449
[16/Sep/2026 14:38:19] "GET /api/cart/ HTTP/1.1" 200 62
[16/Sep/2026 14:38:20] "GET /static/images/news/16052026news0.png HTTP/1.1" 200 465948
[16/Sep/2026 14:38:20] "GET /static/images/news/artcam1.png HTTP/1.1" 200 1851651
[16/Sep/2026 14:38:20] "GET /static/images/news/midjourney-1920x1200.png HTTP/1.1" 200 1977149
[16/Sep/2026 14:38:20] "GET /static/images/news/model11.JPEG HTTP/1.1" 200 2680248
[16/Sep/2026 14:38:24] "GET /copyright/ HTTP/1.1" 200 157852
[16/Sep/2026 14:38:24] "GET /static/images/featured/bronze-victory-relief-1920x2400.jpg HTTP/1.1" 200 666824
[16/Sep/2026 14:38:24] "GET /static/images/featured/cosmic-weave-1920x1080.png HTTP/1.1" 200 1279081
[16/Sep/2026 14:38:24] "GET /static/images/featured/numismatic-heritage-1920x1280.jpg HTTP/1.1" 200 574241
[16/Sep/2026 14:38:24] "GET /static/js/copyright-page-i18n.js HTTP/1.1" 200 13724
[16/Sep/2026 14:38:24] "GET /api/cart/ HTTP/1.1" 200 62
[16/Sep/2026 14:41:28] "GET /homepage/ HTTP/1.1" 200 141227
[16/Sep/2026 14:41:28] "GET /api/cart/ HTTP/1.1" 200 62
[16/Sep/2026 14:41:39] "GET /portfolio/ HTTP/1.1" 200 107109
[16/Sep/2026 14:41:39] "GET /static/images/news/model9.PNG HTTP/1.1" 200 302547
[16/Sep/2026 14:41:39] "GET /static/images/featured/verdant-machine-1920x2400.png HTTP/1.1" 200 1530002
[16/Sep/2026 14:41:39] "GET /static/images/news/AI1.png HTTP/1.1" 200 2009863
[16/Sep/2026 14:41:39] "GET /static/images/news/AI2.png HTTP/1.1" 200 3258285
[16/Sep/2026 14:41:39] "GET /static/images/news/model5.jpg HTTP/1.1" 200 148371
[16/Sep/2026 14:41:39] "GET /static/images/news/kremlin.png HTTP/1.1" 200 892850
[16/Sep/2026 14:41:39] "GET /static/images/medals/medal1.JPEG HTTP/1.1" 200 1198586
[16/Sep/2026 14:41:39] "GET /static/images/news/preview.jpg HTTP/1.1" 200 2267840
[16/Sep/2026 14:41:39] "GET /static/images/medals/medal6.JPEG HTTP/1.1" 200 692317
[16/Sep/2026 14:41:39] "GET /api/cart/ HTTP/1.1" 200 62
[16/Sep/2026 14:41:54] "GET /homepage/ HTTP/1.1" 200 141227
[16/Sep/2026 14:41:54] "GET /api/cart/ HTTP/1.1" 200 62
[16/Sep/2026 14:41:57] "GET /free-models/ HTTP/1.1" 200 113352
[16/Sep/2026 14:41:57] "GET /static/images/shop/free/peper1.png HTTP/1.1" 200 304143
[16/Sep/2026 14:41:57] "GET /static/images/shop/free/kabbage1.png HTTP/1.1" 200 464342
[16/Sep/2026 14:41:57] "GET /static/images/shop/free/goroh1.png HTTP/1.1" 200 335947
[16/Sep/2026 14:41:57] "GET /static/images/shop/free/goroh2.png HTTP/1.1" 200 292778
[16/Sep/2026 14:41:57] "GET /static/images/shop/free/peper2.png HTTP/1.1" 200 2116320
[16/Sep/2026 14:41:57] "GET /static/images/shop/free/kabbage2.png HTTP/1.1" 200 2637358
[16/Sep/2026 14:41:57] "GET /api/cart/ HTTP/1.1" 200 62
[16/Sep/2026 14:42:10] "GET / HTTP/1.1" 200 141182
[16/Sep/2026 14:42:10,169] - Broken pipe from ('127.0.0.1', 7590)
[16/Sep/2026 15:22:08] "GET /about/ HTTP/1.1" 200 102838
[16/Sep/2026 15:22:08] "GET /news/ HTTP/1.1" 200 98363
[16/Sep/2026 15:22:08] "GET /shop/ HTTP/1.1" 200 111709
[16/Sep/2026 15:22:08] "GET /portfolio/ HTTP/1.1" 200 107109
[16/Sep/2026 15:22:08] "GET /checkout/ HTTP/1.1" 302 0
[16/Sep/2026 15:22:08] "GET /sign-up-login/ HTTP/1.1" 200 85980
[16/Sep/2026 15:22:08] "GET /admin/ HTTP/1.1" 302 0
[16/Sep/2026 15:22:08] "GET /sitemap.xml HTTP/1.1" 200 2268
[16/Sep/2026 15:22:08] "GET /robots.txt HTTP/1.1" 200 133
[16/Sep/2026 15:22:08,739] - Broken pipe from ('127.0.0.1', 4248)
[16/Sep/2026 16:01:45] "GET / HTTP/1.1" 200 141182
[16/Sep/2026 16:01:45] "GET /api/cart/ HTTP/1.1" 200 62
[16/Sep/2026 16:01:52] "GET /admin/ HTTP/1.1" 302 0
[16/Sep/2026 16:01:52] "GET /admin/login/?next=/admin/ HTTP/1.1" 200 4170
[16/Sep/2026 16:01:52,359] - Broken pipe from ('127.0.0.1', 4153)
Forbidden (CSRF cookie not set.): /v1/api/show
[16/Sep/2026 22:05:51] "POST /v1/api/show HTTP/1.1" 403 2855
[16/Sep/2026 22:05:54,954] - Broken pipe from ('127.0.0.1', 4917)
